22:01:05 **** Build of configuration Debug for project CubeIDE_Project ****
make -j9 all 
arm-none-eabi-gcc -mcpu=cortex-m0plus -g3 -DDEBUG -c -x assembler-with-cpp -MMD -MP -MF"Startup/startup_stm32g070rbtx.d" -MT"Startup/startup_stm32g070rbtx.o" --specs=nano.specs -mfloat-abi=soft -mthumb -o "Startup/startup_stm32g070rbtx.o" "../Startup/startup_stm32g070rbtx.s"
arm-none-eabi-gcc "../Src/main.c" -mcpu=cortex-m0plus -std=gnu11 -g3 -DDEBUG -DSTM32G070RBTx -DSTM32 -DSTM32G0 -c -I../Inc -O0 -ffunction-sections -fdata-sections -Wall -fstack-usage -fcyclomatic-complexity -MMD -MP -MF"Src/main.d" -MT"Src/main.o" --specs=nano.specs -mfloat-abi=soft -mthumb -o "Src/main.o"
arm-none-eabi-gcc "../Src/syscalls.c" -mcpu=cortex-m0plus -std=gnu11 -g3 -DDEBUG -DSTM32G070RBTx -DSTM32 -DSTM32G0 -c -I../Inc -O0 -ffunction-sections -fdata-sections -Wall -fstack-usage -fcyclomatic-complexity -MMD -MP -MF"Src/syscalls.d" -MT"Src/syscalls.o" --specs=nano.specs -mfloat-abi=soft -mthumb -o "Src/syscalls.o"
arm-none-eabi-gcc "../Src/sysmem.c" -mcpu=cortex-m0plus -std=gnu11 -g3 -DDEBUG -DSTM32G070RBTx -DSTM32 -DSTM32G0 -c -I../Inc -O0 -ffunction-sections -fdata-sections -Wall -fstack-usage -fcyclomatic-complexity -MMD -MP -MF"Src/sysmem.d" -MT"Src/sysmem.o" --specs=nano.specs -mfloat-abi=soft -mthumb -o "Src/sysmem.o"
arm-none-eabi-gcc -o "CubeIDE_Project.elf" @"objects.list"   -mcpu=cortex-m0plus -T"/Users/bhageerath/Documents/Firmware/reddyp4/Embedded/STM32G070/CubeIDE_Project/STM32G070RBTX_FLASH.ld" --specs=nosys.specs -Wl,-Map="CubeIDE_Project.map" -Wl,--gc-sections -static --specs=nano.specs -mfloat-abi=soft -mthumb -Wl,--start-group -lc -lm -Wl,--end-group
/Applications/STM32CubeIDE.app/Contents/Eclipse/plugins/com.st.stm32cube.ide.mcu.externaltools.gnu-tools-for-stm32.12.3.rel1.macos64_1.0.200.202406191456/tools/bin/../lib/gcc/arm-none-eabi/12.3.1/../../../../arm-none-eabi/bin/ld: warning: CubeIDE_Project.elf has a LOAD segment with RWX permissions
Finished building target: CubeIDE_Project.elf
 
arm-none-eabi-size  CubeIDE_Project.elf 
arm-none-eabi-objdump -h -S CubeIDE_Project.elf  > "CubeIDE_Project.list"
   text	   data	    bss	    dec	    hex	filename
    460	      8	   1568	   2036	    7f4	CubeIDE_Project.elf
Finished building: default.size.stdout
 
Finished building: CubeIDE_Project.list
 

22:01:08 Build Finished. 0 errors, 1 warnings. (took 2s.917ms)

