18:34:48 **** Build of configuration Debug for project CubeIDE_Project ****
make -j9 all 
arm-none-eabi-gcc -mcpu=cortex-m0plus -g3 -DDEBUG -c -x assembler-with-cpp -MMD -MP -MF"Startup/startup_stm32g070rbtx.d" -MT"Startup/startup_stm32g070rbtx.o" --specs=nano.specs -mfloat-abi=soft -mthumb -o "Startup/startup_stm32g070rbtx.o" "../Startup/startup_stm32g070rbtx.s"
arm-none-eabi-gcc "../Src/main.c" -mcpu=cortex-m0plus -std=gnu11 -g3 -DUSE_HAL_DRIVER -DSTM32G070xx -c -I../Inc -I/Users/bhageerath/Documents/Firmware/STM32/STM32G070/CubeIDE_Project/Drivers/CMSIS/Include -I/Users/bhageerath/Documents/Firmware/STM32/STM32G070/CubeIDE_Project/Drivers/CMSIS/Device/ST/STM32G0xx/Include -I/Users/bhageerath/Documents/Firmware/STM32/STM32G070/CubeIDE_Project/Drivers/STM32G0xx_HAL_Driver/Inc -O0 -ffunction-sections -fdata-sections -Wall -fstack-usage -fcyclomatic-complexity -MMD -MP -MF"Src/main.d" -MT"Src/main.o" --specs=nano.specs -mfloat-abi=soft -mthumb -o "Src/main.o"
arm-none-eabi-gcc "../Src/syscalls.c" -mcpu=cortex-m0plus -std=gnu11 -g3 -DUSE_HAL_DRIVER -DSTM32G070xx -c -I../Inc -I/Users/bhageerath/Documents/Firmware/STM32/STM32G070/CubeIDE_Project/Drivers/CMSIS/Include -I/Users/bhageerath/Documents/Firmware/STM32/STM32G070/CubeIDE_Project/Drivers/CMSIS/Device/ST/STM32G0xx/Include -I/Users/bhageerath/Documents/Firmware/STM32/STM32G070/CubeIDE_Project/Drivers/STM32G0xx_HAL_Driver/Inc -O0 -ffunction-sections -fdata-sections -Wall -fstack-usage -fcyclomatic-complexity -MMD -MP -MF"Src/syscalls.d" -MT"Src/syscalls.o" --specs=nano.specs -mfloat-abi=soft -mthumb -o "Src/syscalls.o"
arm-none-eabi-gcc "../Src/sysmem.c" -mcpu=cortex-m0plus -std=gnu11 -g3 -DUSE_HAL_DRIVER -DSTM32G070xx -c -I../Inc -I/Users/bhageerath/Documents/Firmware/STM32/STM32G070/CubeIDE_Project/Drivers/CMSIS/Include -I/Users/bhageerath/Documents/Firmware/STM32/STM32G070/CubeIDE_Project/Drivers/CMSIS/Device/ST/STM32G0xx/Include -I/Users/bhageerath/Documents/Firmware/STM32/STM32G070/CubeIDE_Project/Drivers/STM32G0xx_HAL_Driver/Inc -O0 -ffunction-sections -fdata-sections -Wall -fstack-usage -fcyclomatic-complexity -MMD -MP -MF"Src/sysmem.d" -MT"Src/sysmem.o" --specs=nano.specs -mfloat-abi=soft -mthumb -o "Src/sysmem.o"
arm-none-eabi-gcc "../Src/system_stm32g070xx.c" -mcpu=cortex-m0plus -std=gnu11 -g3 -DUSE_HAL_DRIVER -DSTM32G070xx -c -I../Inc -I/Users/bhageerath/Documents/Firmware/STM32/STM32G070/CubeIDE_Project/Drivers/CMSIS/Include -I/Users/bhageerath/Documents/Firmware/STM32/STM32G070/CubeIDE_Project/Drivers/CMSIS/Device/ST/STM32G0xx/Include -I/Users/bhageerath/Documents/Firmware/STM32/STM32G070/CubeIDE_Project/Drivers/STM32G0xx_HAL_Driver/Inc -O0 -ffunction-sections -fdata-sections -Wall -fstack-usage -fcyclomatic-complexity -MMD -MP -MF"Src/system_stm32g070xx.d" -MT"Src/system_stm32g070xx.o" --specs=nano.specs -mfloat-abi=soft -mthumb -o "Src/system_stm32g070xx.o"
arm-none-eabi-gcc "../Drivers/STM32G0xx_HAL_Driver/Src/stm32g0xx_hal.c" -mcpu=cortex-m0plus -std=gnu11 -g3 -DUSE_HAL_DRIVER -DSTM32G070xx -c -I../Inc -I/Users/bhageerath/Documents/Firmware/STM32/STM32G070/CubeIDE_Project/Drivers/CMSIS/Include -I/Users/bhageerath/Documents/Firmware/STM32/STM32G070/CubeIDE_Project/Drivers/CMSIS/Device/ST/STM32G0xx/Include -I/Users/bhageerath/Documents/Firmware/STM32/STM32G070/CubeIDE_Project/Drivers/STM32G0xx_HAL_Driver/Inc -O0 -ffunction-sections -fdata-sections -Wall -fstack-usage -fcyclomatic-complexity -MMD -MP -MF"Drivers/STM32G0xx_HAL_Driver/Src/stm32g0xx_hal.d" -MT"Drivers/STM32G0xx_HAL_Driver/Src/stm32g0xx_hal.o" --specs=nano.specs -mfloat-abi=soft -mthumb -o "Drivers/STM32G0xx_HAL_Driver/Src/stm32g0xx_hal.o"
arm-none-eabi-gcc "../Drivers/STM32G0xx_HAL_Driver/Src/stm32g0xx_hal_cortex.c" -mcpu=cortex-m0plus -std=gnu11 -g3 -DUSE_HAL_DRIVER -DSTM32G070xx -c -I../Inc -I/Users/bhageerath/Documents/Firmware/STM32/STM32G070/CubeIDE_Project/Drivers/CMSIS/Include -I/Users/bhageerath/Documents/Firmware/STM32/STM32G070/CubeIDE_Project/Drivers/CMSIS/Device/ST/STM32G0xx/Include -I/Users/bhageerath/Documents/Firmware/STM32/STM32G070/CubeIDE_Project/Drivers/STM32G0xx_HAL_Driver/Inc -O0 -ffunction-sections -fdata-sections -Wall -fstack-usage -fcyclomatic-complexity -MMD -MP -MF"Drivers/STM32G0xx_HAL_Driver/Src/stm32g0xx_hal_cortex.d" -MT"Drivers/STM32G0xx_HAL_Driver/Src/stm32g0xx_hal_cortex.o" --specs=nano.specs -mfloat-abi=soft -mthumb -o "Drivers/STM32G0xx_HAL_Driver/Src/stm32g0xx_hal_cortex.o"
arm-none-eabi-gcc "../Drivers/STM32G0xx_HAL_Driver/Src/stm32g0xx_hal_dma.c" -mcpu=cortex-m0plus -std=gnu11 -g3 -DUSE_HAL_DRIVER -DSTM32G070xx -c -I../Inc -I/Users/bhageerath/Documents/Firmware/STM32/STM32G070/CubeIDE_Project/Drivers/CMSIS/Include -I/Users/bhageerath/Documents/Firmware/STM32/STM32G070/CubeIDE_Project/Drivers/CMSIS/Device/ST/STM32G0xx/Include -I/Users/bhageerath/Documents/Firmware/STM32/STM32G070/CubeIDE_Project/Drivers/STM32G0xx_HAL_Driver/Inc -O0 -ffunction-sections -fdata-sections -Wall -fstack-usage -fcyclomatic-complexity -MMD -MP -MF"Drivers/STM32G0xx_HAL_Driver/Src/stm32g0xx_hal_dma.d" -MT"Drivers/STM32G0xx_HAL_Driver/Src/stm32g0xx_hal_dma.o" --specs=nano.specs -mfloat-abi=soft -mthumb -o "Drivers/STM32G0xx_HAL_Driver/Src/stm32g0xx_hal_dma.o"
arm-none-eabi-gcc "../Drivers/STM32G0xx_HAL_Driver/Src/stm32g0xx_hal_dma_ex.c" -mcpu=cortex-m0plus -std=gnu11 -g3 -DUSE_HAL_DRIVER -DSTM32G070xx -c -I../Inc -I/Users/bhageerath/Documents/Firmware/STM32/STM32G070/CubeIDE_Project/Drivers/CMSIS/Include -I/Users/bhageerath/Documents/Firmware/STM32/STM32G070/CubeIDE_Project/Drivers/CMSIS/Device/ST/STM32G0xx/Include -I/Users/bhageerath/Documents/Firmware/STM32/STM32G070/CubeIDE_Project/Drivers/STM32G0xx_HAL_Driver/Inc -O0 -ffunction-sections -fdata-sections -Wall -fstack-usage -fcyclomatic-complexity -MMD -MP -MF"Drivers/STM32G0xx_HAL_Driver/Src/stm32g0xx_hal_dma_ex.d" -MT"Drivers/STM32G0xx_HAL_Driver/Src/stm32g0xx_hal_dma_ex.o" --specs=nano.specs -mfloat-abi=soft -mthumb -o "Drivers/STM32G0xx_HAL_Driver/Src/stm32g0xx_hal_dma_ex.o"
arm-none-eabi-gcc "../Drivers/STM32G0xx_HAL_Driver/Src/stm32g0xx_hal_exti.c" -mcpu=cortex-m0plus -std=gnu11 -g3 -DUSE_HAL_DRIVER -DSTM32G070xx -c -I../Inc -I/Users/bhageerath/Documents/Firmware/STM32/STM32G070/CubeIDE_Project/Drivers/CMSIS/Include -I/Users/bhageerath/Documents/Firmware/STM32/STM32G070/CubeIDE_Project/Drivers/CMSIS/Device/ST/STM32G0xx/Include -I/Users/bhageerath/Documents/Firmware/STM32/STM32G070/CubeIDE_Project/Drivers/STM32G0xx_HAL_Driver/Inc -O0 -ffunction-sections -fdata-sections -Wall -fstack-usage -fcyclomatic-complexity -MMD -MP -MF"Drivers/STM32G0xx_HAL_Driver/Src/stm32g0xx_hal_exti.d" -MT"Drivers/STM32G0xx_HAL_Driver/Src/stm32g0xx_hal_exti.o" --specs=nano.specs -mfloat-abi=soft -mthumb -o "Drivers/STM32G0xx_HAL_Driver/Src/stm32g0xx_hal_exti.o"
arm-none-eabi-gcc "../Drivers/STM32G0xx_HAL_Driver/Src/stm32g0xx_hal_flash.c" -mcpu=cortex-m0plus -std=gnu11 -g3 -DUSE_HAL_DRIVER -DSTM32G070xx -c -I../Inc -I/Users/bhageerath/Documents/Firmware/STM32/STM32G070/CubeIDE_Project/Drivers/CMSIS/Include -I/Users/bhageerath/Documents/Firmware/STM32/STM32G070/CubeIDE_Project/Drivers/CMSIS/Device/ST/STM32G0xx/Include -I/Users/bhageerath/Documents/Firmware/STM32/STM32G070/CubeIDE_Project/Drivers/STM32G0xx_HAL_Driver/Inc -O0 -ffunction-sections -fdata-sections -Wall -fstack-usage -fcyclomatic-complexity -MMD -MP -MF"Drivers/STM32G0xx_HAL_Driver/Src/stm32g0xx_hal_flash.d" -MT"Drivers/STM32G0xx_HAL_Driver/Src/stm32g0xx_hal_flash.o" --specs=nano.specs -mfloat-abi=soft -mthumb -o "Drivers/STM32G0xx_HAL_Driver/Src/stm32g0xx_hal_flash.o"
arm-none-eabi-gcc "../Drivers/STM32G0xx_HAL_Driver/Src/stm32g0xx_hal_flash_ex.c" -mcpu=cortex-m0plus -std=gnu11 -g3 -DUSE_HAL_DRIVER -DSTM32G070xx -c -I../Inc -I/Users/bhageerath/Documents/Firmware/STM32/STM32G070/CubeIDE_Project/Drivers/CMSIS/Include -I/Users/bhageerath/Documents/Firmware/STM32/STM32G070/CubeIDE_Project/Drivers/CMSIS/Device/ST/STM32G0xx/Include -I/Users/bhageerath/Documents/Firmware/STM32/STM32G070/CubeIDE_Project/Drivers/STM32G0xx_HAL_Driver/Inc -O0 -ffunction-sections -fdata-sections -Wall -fstack-usage -fcyclomatic-complexity -MMD -MP -MF"Drivers/STM32G0xx_HAL_Driver/Src/stm32g0xx_hal_flash_ex.d" -MT"Drivers/STM32G0xx_HAL_Driver/Src/stm32g0xx_hal_flash_ex.o" --specs=nano.specs -mfloat-abi=soft -mthumb -o "Drivers/STM32G0xx_HAL_Driver/Src/stm32g0xx_hal_flash_ex.o"
arm-none-eabi-gcc "../Drivers/STM32G0xx_HAL_Driver/Src/stm32g0xx_hal_gpio.c" -mcpu=cortex-m0plus -std=gnu11 -g3 -DUSE_HAL_DRIVER -DSTM32G070xx -c -I../Inc -I/Users/bhageerath/Documents/Firmware/STM32/STM32G070/CubeIDE_Project/Drivers/CMSIS/Include -I/Users/bhageerath/Documents/Firmware/STM32/STM32G070/CubeIDE_Project/Drivers/CMSIS/Device/ST/STM32G0xx/Include -I/Users/bhageerath/Documents/Firmware/STM32/STM32G070/CubeIDE_Project/Drivers/STM32G0xx_HAL_Driver/Inc -O0 -ffunction-sections -fdata-sections -Wall -fstack-usage -fcyclomatic-complexity -MMD -MP -MF"Drivers/STM32G0xx_HAL_Driver/Src/stm32g0xx_hal_gpio.d" -MT"Drivers/STM32G0xx_HAL_Driver/Src/stm32g0xx_hal_gpio.o" --specs=nano.specs -mfloat-abi=soft -mthumb -o "Drivers/STM32G0xx_HAL_Driver/Src/stm32g0xx_hal_gpio.o"
arm-none-eabi-gcc "../Drivers/STM32G0xx_HAL_Driver/Src/stm32g0xx_hal_pwr.c" -mcpu=cortex-m0plus -std=gnu11 -g3 -DUSE_HAL_DRIVER -DSTM32G070xx -c -I../Inc -I/Users/bhageerath/Documents/Firmware/STM32/STM32G070/CubeIDE_Project/Drivers/CMSIS/Include -I/Users/bhageerath/Documents/Firmware/STM32/STM32G070/CubeIDE_Project/Drivers/CMSIS/Device/ST/STM32G0xx/Include -I/Users/bhageerath/Documents/Firmware/STM32/STM32G070/CubeIDE_Project/Drivers/STM32G0xx_HAL_Driver/Inc -O0 -ffunction-sections -fdata-sections -Wall -fstack-usage -fcyclomatic-complexity -MMD -MP -MF"Drivers/STM32G0xx_HAL_Driver/Src/stm32g0xx_hal_pwr.d" -MT"Drivers/STM32G0xx_HAL_Driver/Src/stm32g0xx_hal_pwr.o" --specs=nano.specs -mfloat-abi=soft -mthumb -o "Drivers/STM32G0xx_HAL_Driver/Src/stm32g0xx_hal_pwr.o"
arm-none-eabi-gcc "../Drivers/STM32G0xx_HAL_Driver/Src/stm32g0xx_hal_pwr_ex.c" -mcpu=cortex-m0plus -std=gnu11 -g3 -DUSE_HAL_DRIVER -DSTM32G070xx -c -I../Inc -I/Users/bhageerath/Documents/Firmware/STM32/STM32G070/CubeIDE_Project/Drivers/CMSIS/Include -I/Users/bhageerath/Documents/Firmware/STM32/STM32G070/CubeIDE_Project/Drivers/CMSIS/Device/ST/STM32G0xx/Include -I/Users/bhageerath/Documents/Firmware/STM32/STM32G070/CubeIDE_Project/Drivers/STM32G0xx_HAL_Driver/Inc -O0 -ffunction-sections -fdata-sections -Wall -fstack-usage -fcyclomatic-complexity -MMD -MP -MF"Drivers/STM32G0xx_HAL_Driver/Src/stm32g0xx_hal_pwr_ex.d" -MT"Drivers/STM32G0xx_HAL_Driver/Src/stm32g0xx_hal_pwr_ex.o" --specs=nano.specs -mfloat-abi=soft -mthumb -o "Drivers/STM32G0xx_HAL_Driver/Src/stm32g0xx_hal_pwr_ex.o"
arm-none-eabi-gcc "../Drivers/STM32G0xx_HAL_Driver/Src/stm32g0xx_hal_rcc.c" -mcpu=cortex-m0plus -std=gnu11 -g3 -DUSE_HAL_DRIVER -DSTM32G070xx -c -I../Inc -I/Users/bhageerath/Documents/Firmware/STM32/STM32G070/CubeIDE_Project/Drivers/CMSIS/Include -I/Users/bhageerath/Documents/Firmware/STM32/STM32G070/CubeIDE_Project/Drivers/CMSIS/Device/ST/STM32G0xx/Include -I/Users/bhageerath/Documents/Firmware/STM32/STM32G070/CubeIDE_Project/Drivers/STM32G0xx_HAL_Driver/Inc -O0 -ffunction-sections -fdata-sections -Wall -fstack-usage -fcyclomatic-complexity -MMD -MP -MF"Drivers/STM32G0xx_HAL_Driver/Src/stm32g0xx_hal_rcc.d" -MT"Drivers/STM32G0xx_HAL_Driver/Src/stm32g0xx_hal_rcc.o" --specs=nano.specs -mfloat-abi=soft -mthumb -o "Drivers/STM32G0xx_HAL_Driver/Src/stm32g0xx_hal_rcc.o"
arm-none-eabi-gcc "../Drivers/STM32G0xx_HAL_Driver/Src/stm32g0xx_hal_rcc_ex.c" -mcpu=cortex-m0plus -std=gnu11 -g3 -DUSE_HAL_DRIVER -DSTM32G070xx -c -I../Inc -I/Users/bhageerath/Documents/Firmware/STM32/STM32G070/CubeIDE_Project/Drivers/CMSIS/Include -I/Users/bhageerath/Documents/Firmware/STM32/STM32G070/CubeIDE_Project/Drivers/CMSIS/Device/ST/STM32G0xx/Include -I/Users/bhageerath/Documents/Firmware/STM32/STM32G070/CubeIDE_Project/Drivers/STM32G0xx_HAL_Driver/Inc -O0 -ffunction-sections -fdata-sections -Wall -fstack-usage -fcyclomatic-complexity -MMD -MP -MF"Drivers/STM32G0xx_HAL_Driver/Src/stm32g0xx_hal_rcc_ex.d" -MT"Drivers/STM32G0xx_HAL_Driver/Src/stm32g0xx_hal_rcc_ex.o" --specs=nano.specs -mfloat-abi=soft -mthumb -o "Drivers/STM32G0xx_HAL_Driver/Src/stm32g0xx_hal_rcc_ex.o"
arm-none-eabi-gcc "../Drivers/STM32G0xx_HAL_Driver/Src/stm32g0xx_ll_dma.c" -mcpu=cortex-m0plus -std=gnu11 -g3 -DUSE_HAL_DRIVER -DSTM32G070xx -c -I../Inc -I/Users/bhageerath/Documents/Firmware/STM32/STM32G070/CubeIDE_Project/Drivers/CMSIS/Include -I/Users/bhageerath/Documents/Firmware/STM32/STM32G070/CubeIDE_Project/Drivers/CMSIS/Device/ST/STM32G0xx/Include -I/Users/bhageerath/Documents/Firmware/STM32/STM32G070/CubeIDE_Project/Drivers/STM32G0xx_HAL_Driver/Inc -O0 -ffunction-sections -fdata-sections -Wall -fstack-usage -fcyclomatic-complexity -MMD -MP -MF"Drivers/STM32G0xx_HAL_Driver/Src/stm32g0xx_ll_dma.d" -MT"Drivers/STM32G0xx_HAL_Driver/Src/stm32g0xx_ll_dma.o" --specs=nano.specs -mfloat-abi=soft -mthumb -o "Drivers/STM32G0xx_HAL_Driver/Src/stm32g0xx_ll_dma.o"
arm-none-eabi-gcc "../Drivers/STM32G0xx_HAL_Driver/Src/stm32g0xx_ll_exti.c" -mcpu=cortex-m0plus -std=gnu11 -g3 -DUSE_HAL_DRIVER -DSTM32G070xx -c -I../Inc -I/Users/bhageerath/Documents/Firmware/STM32/STM32G070/CubeIDE_Project/Drivers/CMSIS/Include -I/Users/bhageerath/Documents/Firmware/STM32/STM32G070/CubeIDE_Project/Drivers/CMSIS/Device/ST/STM32G0xx/Include -I/Users/bhageerath/Documents/Firmware/STM32/STM32G070/CubeIDE_Project/Drivers/STM32G0xx_HAL_Driver/Inc -O0 -ffunction-sections -fdata-sections -Wall -fstack-usage -fcyclomatic-complexity -MMD -MP -MF"Drivers/STM32G0xx_HAL_Driver/Src/stm32g0xx_ll_exti.d" -MT"Drivers/STM32G0xx_HAL_Driver/Src/stm32g0xx_ll_exti.o" --specs=nano.specs -mfloat-abi=soft -mthumb -o "Drivers/STM32G0xx_HAL_Driver/Src/stm32g0xx_ll_exti.o"
arm-none-eabi-gcc "../Drivers/STM32G0xx_HAL_Driver/Src/stm32g0xx_ll_gpio.c" -mcpu=cortex-m0plus -std=gnu11 -g3 -DUSE_HAL_DRIVER -DSTM32G070xx -c -I../Inc -I/Users/bhageerath/Documents/Firmware/STM32/STM32G070/CubeIDE_Project/Drivers/CMSIS/Include -I/Users/bhageerath/Documents/Firmware/STM32/STM32G070/CubeIDE_Project/Drivers/CMSIS/Device/ST/STM32G0xx/Include -I/Users/bhageerath/Documents/Firmware/STM32/STM32G070/CubeIDE_Project/Drivers/STM32G0xx_HAL_Driver/Inc -O0 -ffunction-sections -fdata-sections -Wall -fstack-usage -fcyclomatic-complexity -MMD -MP -MF"Drivers/STM32G0xx_HAL_Driver/Src/stm32g0xx_ll_gpio.d" -MT"Drivers/STM32G0xx_HAL_Driver/Src/stm32g0xx_ll_gpio.o" --specs=nano.specs -mfloat-abi=soft -mthumb -o "Drivers/STM32G0xx_HAL_Driver/Src/stm32g0xx_ll_gpio.o"
arm-none-eabi-gcc "../Drivers/STM32G0xx_HAL_Driver/Src/stm32g0xx_ll_pwr.c" -mcpu=cortex-m0plus -std=gnu11 -g3 -DUSE_HAL_DRIVER -DSTM32G070xx -c -I../Inc -I/Users/bhageerath/Documents/Firmware/STM32/STM32G070/CubeIDE_Project/Drivers/CMSIS/Include -I/Users/bhageerath/Documents/Firmware/STM32/STM32G070/CubeIDE_Project/Drivers/CMSIS/Device/ST/STM32G0xx/Include -I/Users/bhageerath/Documents/Firmware/STM32/STM32G070/CubeIDE_Project/Drivers/STM32G0xx_HAL_Driver/Inc -O0 -ffunction-sections -fdata-sections -Wall -fstack-usage -fcyclomatic-complexity -MMD -MP -MF"Drivers/STM32G0xx_HAL_Driver/Src/stm32g0xx_ll_pwr.d" -MT"Drivers/STM32G0xx_HAL_Driver/Src/stm32g0xx_ll_pwr.o" --specs=nano.specs -mfloat-abi=soft -mthumb -o "Drivers/STM32G0xx_HAL_Driver/Src/stm32g0xx_ll_pwr.o"
arm-none-eabi-gcc "../Drivers/STM32G0xx_HAL_Driver/Src/stm32g0xx_ll_rcc.c" -mcpu=cortex-m0plus -std=gnu11 -g3 -DUSE_HAL_DRIVER -DSTM32G070xx -c -I../Inc -I/Users/bhageerath/Documents/Firmware/STM32/STM32G070/CubeIDE_Project/Drivers/CMSIS/Include -I/Users/bhageerath/Documents/Firmware/STM32/STM32G070/CubeIDE_Project/Drivers/CMSIS/Device/ST/STM32G0xx/Include -I/Users/bhageerath/Documents/Firmware/STM32/STM32G070/CubeIDE_Project/Drivers/STM32G0xx_HAL_Driver/Inc -O0 -ffunction-sections -fdata-sections -Wall -fstack-usage -fcyclomatic-complexity -MMD -MP -MF"Drivers/STM32G0xx_HAL_Driver/Src/stm32g0xx_ll_rcc.d" -MT"Drivers/STM32G0xx_HAL_Driver/Src/stm32g0xx_ll_rcc.o" --specs=nano.specs -mfloat-abi=soft -mthumb -o "Drivers/STM32G0xx_HAL_Driver/Src/stm32g0xx_ll_rcc.o"
arm-none-eabi-gcc -o "CubeIDE_Project.elf" @"objects.list"   -mcpu=cortex-m0plus -T"/Users/bhageerath/Documents/Firmware/STM32/STM32G070/CubeIDE_Project/STM32G070RBTX_FLASH.ld" --specs=nosys.specs -Wl,-Map="CubeIDE_Project.map" -Wl,--gc-sections -static --specs=nano.specs -mfloat-abi=soft -mthumb -Wl,--start-group -lc -lm -Wl,--end-group
/Applications/STM32CubeIDE.app/Contents/Eclipse/plugins/com.st.stm32cube.ide.mcu.externaltools.gnu-tools-for-stm32.12.3.rel1.macos64_1.0.200.202406191456/tools/bin/../lib/gcc/arm-none-eabi/12.3.1/../../../../arm-none-eabi/bin/ld: warning: CubeIDE_Project.elf has a LOAD segment with RWX permissions
Finished building target: CubeIDE_Project.elf
 
arm-none-eabi-size  CubeIDE_Project.elf 
arm-none-eabi-objdump -h -S CubeIDE_Project.elf  > "CubeIDE_Project.list"
   text	   data	    bss	    dec	    hex	filename
    460	      8	   1568	   2036	    7f4	CubeIDE_Project.elf
Finished building: default.size.stdout
 
Finished building: CubeIDE_Project.list
 
