13:57:57 **** Incremental Build of configuration Debug for project CubeIDE_Project ****
make -j9 all 
arm-none-eabi-gcc "../Src/main.c" -mcpu=cortex-m0plus -std=gnu11 -g3 -DUSE_HAL_DRIVER -DSTM32G070xx -c -I../Inc -I/Users/bhageerath/Documents/Firmware/STM32/STM32G070/CubeIDE_Project/Drivers/CMSIS/Include -I/Users/bhageerath/Documents/Firmware/STM32/STM32G070/CubeIDE_Project/Drivers/CMSIS/Device/ST/STM32G0xx/Include -I/Users/bhageerath/Documents/Firmware/STM32/STM32G070/CubeIDE_Project/Drivers/STM32G0xx_HAL_Driver/Inc -O0 -ffunction-sections -fdata-sections -Wall -fstack-usage -fcyclomatic-complexity -MMD -MP -MF"Src/main.d" -MT"Src/main.o" --specs=nano.specs -mfloat-abi=soft -mthumb -o "Src/main.o"
In file included from ../Src/main.c:4:
../Src/main.c: In function 'main':
/Users/bhageerath/Documents/Firmware/STM32/STM32G070/CubeIDE_Project/Drivers/CMSIS/Device/ST/STM32G0xx/Include/stm32g070xx.h:651:29: warning: passing argument 2 of 'HAL_GPIO_ReadPin' makes integer from pointer without a cast [-Wint-conversion]
  651 | #define GPIOC               ((GPIO_TypeDef *) GPIOC_BASE)
      |                             ^~~~~~~~~~~~~~~~~~~~~~~~~~~~~
      |                             |
      |                             GPIO_TypeDef *
../Src/main.c:10:21: note: in expansion of macro 'GPIOC'
   10 | #define BTN_PORT    GPIOC
      |                     ^~~~~
../Src/main.c:27:47: note: in expansion of macro 'BTN_PORT'
   27 |         buttonStatus = HAL_GPIO_ReadPin(GPIOC,BTN_PORT);
      |                                               ^~~~~~~~
In file included from ../Inc/stm32g0xx_hal_conf.h:215,
                 from /Users/bhageerath/Documents/Firmware/STM32/STM32G070/CubeIDE_Project/Drivers/STM32G0xx_HAL_Driver/Inc/stm32g0xx_hal.h:29,
                 from ../Src/main.c:5:
/Users/bhageerath/Documents/Firmware/STM32/STM32G070/CubeIDE_Project/Drivers/STM32G0xx_HAL_Driver/Inc/stm32g0xx_hal_gpio.h:333:66: note: expected 'uint16_t' {aka 'short unsigned int'} but argument is of type 'GPIO_TypeDef *'
  333 | GPIO_PinState     HAL_GPIO_ReadPin(GPIO_TypeDef *GPIOx, uint16_t GPIO_Pin);
      |                                                         ~~~~~~~~~^~~~~~~~
/Users/bhageerath/Documents/Firmware/STM32/STM32G070/CubeIDE_Project/Drivers/CMSIS/Device/ST/STM32G0xx/Include/stm32g070xx.h:649:29: warning: passing argument 2 of 'HAL_GPIO_WritePin' makes integer from pointer without a cast [-Wint-conversion]
  649 | #define GPIOA               ((GPIO_TypeDef *) GPIOA_BASE)
      |                             ^~~~~~~~~~~~~~~~~~~~~~~~~~~~~
      |                             |
      |                             GPIO_TypeDef *
../Src/main.c:8:21: note: in expansion of macro 'GPIOA'
    8 | #define LED_PORT    GPIOA
      |                     ^~~~~
../Src/main.c:28:33: note: in expansion of macro 'LED_PORT'
   28 |         HAL_GPIO_WritePin(GPIOA,LED_PORT,buttonStatus);
      |                                 ^~~~~~~~
/Users/bhageerath/Documents/Firmware/STM32/STM32G070/CubeIDE_Project/Drivers/STM32G0xx_HAL_Driver/Inc/stm32g0xx_hal_gpio.h:334:67: note: expected 'uint16_t' {aka 'short unsigned int'} but argument is of type 'GPIO_TypeDef *'
  334 | void              HAL_GPIO_WritePin(GPIO_TypeDef *GPIOx, uint16_t GPIO_Pin, GPIO_PinState PinState);
      |                                                          ~~~~~~~~~^~~~~~~~
../Src/main.c: In function 'pc12_btn_init':
/Users/bhageerath/Documents/Firmware/STM32/STM32G070/CubeIDE_Project/Drivers/CMSIS/Device/ST/STM32G0xx/Include/stm32g070xx.h:651:29: warning: initialization of 'long unsigned int' from 'GPIO_TypeDef *' makes integer from pointer without a cast [-Wint-conversion]
  651 | #define GPIOC               ((GPIO_TypeDef *) GPIOC_BASE)
      |                             ^
../Src/main.c:10:21: note: in expansion of macro 'GPIOC'
   10 | #define BTN_PORT    GPIOC
      |                     ^~~~~
../Src/main.c:50:9: note: in expansion of macro 'BTN_PORT'
   50 |         BTN_PORT,  //Pin
      |         ^~~~~~~~
/Users/bhageerath/Documents/Firmware/STM32/STM32G070/CubeIDE_Project/Drivers/CMSIS/Device/ST/STM32G0xx/Include/stm32g070xx.h:651:29: note: (near initialization for 'GPIO_InitStruct.Pin')
  651 | #define GPIOC               ((GPIO_TypeDef *) GPIOC_BASE)
      |                             ^
../Src/main.c:10:21: note: in expansion of macro 'GPIOC'
   10 | #define BTN_PORT    GPIOC
      |                     ^~~~~
../Src/main.c:50:9: note: in expansion of macro 'BTN_PORT'
   50 |         BTN_PORT,  //Pin
      |         ^~~~~~~~
arm-none-eabi-gcc -o "CubeIDE_Project.elf" @"objects.list"   -mcpu=cortex-m0plus -T"/Users/bhageerath/Documents/Firmware/STM32/STM32G070/CubeIDE_Project/STM32G070RBTX_FLASH.ld" --specs=nosys.specs -Wl,-Map="CubeIDE_Project.map" -Wl,--gc-sections -static --specs=nano.specs -mfloat-abi=soft -mthumb -Wl,--start-group -lc -lm -Wl,--end-group
Finished building target: CubeIDE_Project.elf
 
arm-none-eabi-size  CubeIDE_Project.elf 
arm-none-eabi-objdump -h -S CubeIDE_Project.elf  > "CubeIDE_Project.list"
   text	   data	    bss	    dec	    hex	filename
   2396	     12	   1580	   3988	    f94	CubeIDE_Project.elf
Finished building: default.size.stdout
 
Finished building: CubeIDE_Project.list
 
13:58:35 **** Incremental Build of configuration Debug for project CubeIDE_Project ****
make -j9 all 
arm-none-eabi-size  CubeIDE_Project.elf 
   text	   data	    bss	    dec	    hex	filename
   2396	     12	   1580	   3988	    f94	CubeIDE_Project.elf
Finished building: default.size.stdout
 
